INFO:     Will watch for changes in these directories: ['/home/anandsharmaaipdftoquiz/Downloads/backend /terraform-feature-mainwebsite-ui-updates']
INFO:     Uvicorn running on http://0.0.0.0:8000 (Press CTRL+C to quit)
INFO:     Started reloader process [775273] using WatchFiles
INFO:     Started server process [775278]
INFO:     Waiting for application startup.
{"message": "CloudWatch metric publisher started (interval=30s)", "timestamp": "2026-05-24T00:23:58.%fZ", "level": "INFO", "logger": "cloudwatch"}
INFO:     Application startup complete.
{"message": "CloudWatch publish failed: Unable to locate credentials", "timestamp": "2026-05-24T00:24:00.%fZ", "level": "ERROR", "logger": "cloudwatch"}
{"message": "CloudWatch publish failed: Unable to locate credentials", "timestamp": "2026-05-24T00:24:32.%fZ", "level": "ERROR", "logger": "cloudwatch"}
{"message": "CloudWatch publish failed: Unable to locate credentials", "timestamp": "2026-05-24T00:25:04.%fZ", "level": "ERROR", "logger": "cloudwatch"}
{"message": "CloudWatch publish failed: Unable to locate credentials", "timestamp": "2026-05-24T00:25:36.%fZ", "level": "ERROR", "logger": "cloudwatch"}
{"message": "CloudWatch publish failed: Unable to locate credentials", "timestamp": "2026-05-24T00:26:08.%fZ", "level": "ERROR", "logger": "cloudwatch"}
{"message": "CloudWatch publish failed: Unable to locate credentials", "timestamp": "2026-05-24T00:26:40.%fZ", "level": "ERROR", "logger": "cloudwatch"}
{"message": "CloudWatch publish failed: Unable to locate credentials", "timestamp": "2026-05-24T00:27:12.%fZ", "level": "ERROR", "logger": "cloudwatch"}
{"message": "CloudWatch publish failed: Unable to locate credentials", "timestamp": "2026-05-24T00:27:44.%fZ", "level": "ERROR", "logger": "cloudwatch"}
{"message": "CloudWatch publish failed: Unable to locate credentials", "timestamp": "2026-05-24T00:28:16.%fZ", "level": "ERROR", "logger": "cloudwatch"}
{"message": "CloudWatch publish failed: Unable to locate credentials", "timestamp": "2026-05-24T00:28:48.%fZ", "level": "ERROR", "logger": "cloudwatch"}
{"message": "CloudWatch publish failed: Unable to locate credentials", "timestamp": "2026-05-24T00:29:20.%fZ", "level": "ERROR", "logger": "cloudwatch"}
{"message": "CloudWatch publish failed: Unable to locate credentials", "timestamp": "2026-05-24T00:29:52.%fZ", "level": "ERROR", "logger": "cloudwatch"}
{"message": "CloudWatch publish failed: Unable to locate credentials", "timestamp": "2026-05-24T00:30:24.%fZ", "level": "ERROR", "logger": "cloudwatch"}
{"message": "CloudWatch publish failed: Unable to locate credentials", "timestamp": "2026-05-24T00:30:56.%fZ", "level": "ERROR", "logger": "cloudwatch"}
{"message": "CloudWatch publish failed: Unable to locate credentials", "timestamp": "2026-05-24T00:31:28.%fZ", "level": "ERROR", "logger": "cloudwatch"}
{"message": "CloudWatch publish failed: Unable to locate credentials", "timestamp": "2026-05-24T00:32:00.%fZ", "level": "ERROR", "logger": "cloudwatch"}
{"message": "CloudWatch publish failed: Unable to locate credentials", "timestamp": "2026-05-24T00:32:32.%fZ", "level": "ERROR", "logger": "cloudwatch"}
{"message": "Token revoked: jti=d85a8206-8710-43f0-b2d6-25244c9a9226 ttl=6489s", "timestamp": "2026-05-24T00:32:50.%fZ", "level": "INFO", "logger": "blocklist"}
{"message": "User logged out: sub=54f4dd4b-42ac-49d0-9a2c-14f33cfefc9a jti=d85a8206-8710-43f0-b2d6-25244c9a9226", "timestamp": "2026-05-24T00:32:50.%fZ", "level": "INFO", "logger": "auth"}
{"message": "Dev login: email=devtest@cyberrange.dev user_id=f80d5801-e0fa-4d8e-aba7-9e868632eaa6", "timestamp": "2026-05-24T00:32:54.%fZ", "level": "INFO", "logger": "auth"}
{"message": "CloudWatch publish failed: Unable to locate credentials", "timestamp": "2026-05-24T00:33:04.%fZ", "level": "ERROR", "logger": "cloudwatch"}
{"message": "CloudWatch publish failed: Unable to locate credentials", "timestamp": "2026-05-24T00:33:36.%fZ", "level": "ERROR", "logger": "cloudwatch"}
{"message": "CloudWatch publish failed: Unable to locate credentials", "timestamp": "2026-05-24T00:34:08.%fZ", "level": "ERROR", "logger": "cloudwatch"}
{"message": "CloudWatch publish failed: Unable to locate credentials", "timestamp": "2026-05-24T00:34:40.%fZ", "level": "ERROR", "logger": "cloudwatch"}
{"message": "CloudWatch publish failed: Unable to locate credentials", "timestamp": "2026-05-24T00:35:12.%fZ", "level": "ERROR", "logger": "cloudwatch"}
{"message": "CloudWatch publish failed: Unable to locate credentials", "timestamp": "2026-05-24T00:35:44.%fZ", "level": "ERROR", "logger": "cloudwatch"}
{"message": "CloudWatch publish failed: Unable to locate credentials", "timestamp": "2026-05-24T00:36:17.%fZ", "level": "ERROR", "logger": "cloudwatch"}
{"message": "CloudWatch publish failed: Unable to locate credentials", "timestamp": "2026-05-24T00:36:49.%fZ", "level": "ERROR", "logger": "cloudwatch"}
{"message": "CloudWatch publish failed: Unable to locate credentials", "timestamp": "2026-05-24T00:37:21.%fZ", "level": "ERROR", "logger": "cloudwatch"}
{"message": "CloudWatch publish failed: Unable to locate credentials", "timestamp": "2026-05-24T00:37:53.%fZ", "level": "ERROR", "logger": "cloudwatch"}
{"message": "CloudWatch publish failed: Unable to locate credentials", "timestamp": "2026-05-24T00:38:25.%fZ", "level": "ERROR", "logger": "cloudwatch"}
{"message": "CloudWatch publish failed: Unable to locate credentials", "timestamp": "2026-05-24T00:38:57.%fZ", "level": "ERROR", "logger": "cloudwatch"}
{"message": "CloudWatch publish failed: Unable to locate credentials", "timestamp": "2026-05-24T00:39:29.%fZ", "level": "ERROR", "logger": "cloudwatch"}
{"message": "CloudWatch publish failed: Unable to locate credentials", "timestamp": "2026-05-24T00:40:01.%fZ", "level": "ERROR", "logger": "cloudwatch"}
{"message": "CloudWatch publish failed: Unable to locate credentials", "timestamp": "2026-05-24T00:40:33.%fZ", "level": "ERROR", "logger": "cloudwatch"}
{"message": "CloudWatch publish failed: Unable to locate credentials", "timestamp": "2026-05-24T00:41:05.%fZ", "level": "ERROR", "logger": "cloudwatch"}
{"message": "CloudWatch publish failed: Unable to locate credentials", "timestamp": "2026-05-24T00:41:37.%fZ", "level": "ERROR", "logger": "cloudwatch"}
{"message": "CloudWatch publish failed: Unable to locate credentials", "timestamp": "2026-05-24T00:42:09.%fZ", "level": "ERROR", "logger": "cloudwatch"}
{"message": "CloudWatch publish failed: Unable to locate credentials", "timestamp": "2026-05-24T00:42:41.%fZ", "level": "ERROR", "logger": "cloudwatch"}
{"message": "CloudWatch publish failed: Unable to locate credentials", "timestamp": "2026-05-24T00:43:13.%fZ", "level": "ERROR", "logger": "cloudwatch"}
{"message": "CloudWatch publish failed: Unable to locate credentials", "timestamp": "2026-05-24T00:43:45.%fZ", "level": "ERROR", "logger": "cloudwatch"}
{"message": "CloudWatch publish failed: Unable to locate credentials", "timestamp": "2026-05-24T00:44:17.%fZ", "level": "ERROR", "logger": "cloudwatch"}
{"message": "CloudWatch publish failed: Unable to locate credentials", "timestamp": "2026-05-24T00:44:49.%fZ", "level": "ERROR", "logger": "cloudwatch"}
{"message": "CloudWatch publish failed: Unable to locate credentials", "timestamp": "2026-05-24T00:45:21.%fZ", "level": "ERROR", "logger": "cloudwatch"}
{"message": "CloudWatch publish failed: Unable to locate credentials", "timestamp": "2026-05-24T00:45:53.%fZ", "level": "ERROR", "logger": "cloudwatch"}
{"message": "CloudWatch publish failed: Unable to locate credentials", "timestamp": "2026-05-24T00:46:25.%fZ", "level": "ERROR", "logger": "cloudwatch"}
{"message": "CloudWatch publish failed: Unable to locate credentials", "timestamp": "2026-05-24T00:46:57.%fZ", "level": "ERROR", "logger": "cloudwatch"}
{"message": "CloudWatch publish failed: Unable to locate credentials", "timestamp": "2026-05-24T00:47:29.%fZ", "level": "ERROR", "logger": "cloudwatch"}
{"message": "CloudWatch publish failed: Unable to locate credentials", "timestamp": "2026-05-24T00:48:01.%fZ", "level": "ERROR", "logger": "cloudwatch"}
{"message": "CloudWatch publish failed: Unable to locate credentials", "timestamp": "2026-05-24T00:48:33.%fZ", "level": "ERROR", "logger": "cloudwatch"}
{"message": "CloudWatch publish failed: Unable to locate credentials", "timestamp": "2026-05-24T00:49:05.%fZ", "level": "ERROR", "logger": "cloudwatch"}
{"message": "CloudWatch publish failed: Unable to locate credentials", "timestamp": "2026-05-24T00:49:37.%fZ", "level": "ERROR", "logger": "cloudwatch"}
{"message": "CloudWatch publish failed: Unable to locate credentials", "timestamp": "2026-05-24T00:50:09.%fZ", "level": "ERROR", "logger": "cloudwatch"}
{"message": "CloudWatch publish failed: Unable to locate credentials", "timestamp": "2026-05-24T00:50:41.%fZ", "level": "ERROR", "logger": "cloudwatch"}
{"message": "CloudWatch publish failed: Unable to locate credentials", "timestamp": "2026-05-24T00:51:13.%fZ", "level": "ERROR", "logger": "cloudwatch"}
{"message": "CloudWatch publish failed: Unable to locate credentials", "timestamp": "2026-05-24T00:51:45.%fZ", "level": "ERROR", "logger": "cloudwatch"}
{"message": "CloudWatch publish failed: Unable to locate credentials", "timestamp": "2026-05-24T00:52:17.%fZ", "level": "ERROR", "logger": "cloudwatch"}
{"message": "CloudWatch publish failed: Unable to locate credentials", "timestamp": "2026-05-24T00:52:49.%fZ", "level": "ERROR", "logger": "cloudwatch"}
{"message": "CloudWatch publish failed: Unable to locate credentials", "timestamp": "2026-05-24T00:53:21.%fZ", "level": "ERROR", "logger": "cloudwatch"}
{"message": "CloudWatch publish failed: Unable to locate credentials", "timestamp": "2026-05-24T00:53:53.%fZ", "level": "ERROR", "logger": "cloudwatch"}
{"message": "CloudWatch publish failed: Unable to locate credentials", "timestamp": "2026-05-24T00:54:25.%fZ", "level": "ERROR", "logger": "cloudwatch"}
{"message": "CloudWatch publish failed: Unable to locate credentials", "timestamp": "2026-05-24T00:54:57.%fZ", "level": "ERROR", "logger": "cloudwatch"}
{"message": "CloudWatch publish failed: Unable to locate credentials", "timestamp": "2026-05-24T00:55:29.%fZ", "level": "ERROR", "logger": "cloudwatch"}
{"message": "CloudWatch publish failed: Unable to locate credentials", "timestamp": "2026-05-24T00:56:01.%fZ", "level": "ERROR", "logger": "cloudwatch"}
{"message": "CloudWatch publish failed: Unable to locate credentials", "timestamp": "2026-05-24T00:56:33.%fZ", "level": "ERROR", "logger": "cloudwatch"}
{"message": "CloudWatch publish failed: Unable to locate credentials", "timestamp": "2026-05-24T00:57:05.%fZ", "level": "ERROR", "logger": "cloudwatch"}
{"message": "CloudWatch publish failed: Unable to locate credentials", "timestamp": "2026-05-24T00:57:37.%fZ", "level": "ERROR", "logger": "cloudwatch"}
{"message": "CloudWatch publish failed: Unable to locate credentials", "timestamp": "2026-05-24T00:58:09.%fZ", "level": "ERROR", "logger": "cloudwatch"}
{"message": "CloudWatch publish failed: Unable to locate credentials", "timestamp": "2026-05-24T00:58:42.%fZ", "level": "ERROR", "logger": "cloudwatch"}
{"message": "CloudWatch publish failed: Unable to locate credentials", "timestamp": "2026-05-24T00:59:14.%fZ", "level": "ERROR", "logger": "cloudwatch"}
{"message": "CloudWatch publish failed: Unable to locate credentials", "timestamp": "2026-05-24T00:59:46.%fZ", "level": "ERROR", "logger": "cloudwatch"}
{"message": "CloudWatch publish failed: Unable to locate credentials", "timestamp": "2026-05-24T01:00:18.%fZ", "level": "ERROR", "logger": "cloudwatch"}
{"message": "CloudWatch publish failed: Unable to locate credentials", "timestamp": "2026-05-24T01:00:50.%fZ", "level": "ERROR", "logger": "cloudwatch"}
{"message": "CloudWatch publish failed: Unable to locate credentials", "timestamp": "2026-05-24T01:01:22.%fZ", "level": "ERROR", "logger": "cloudwatch"}
{"message": "CloudWatch publish failed: Unable to locate credentials", "timestamp": "2026-05-24T01:01:54.%fZ", "level": "ERROR", "logger": "cloudwatch"}
{"message": "CloudWatch publish failed: Unable to locate credentials", "timestamp": "2026-05-24T01:02:26.%fZ", "level": "ERROR", "logger": "cloudwatch"}
{"message": "CloudWatch publish failed: Unable to locate credentials", "timestamp": "2026-05-24T01:02:58.%fZ", "level": "ERROR", "logger": "cloudwatch"}
{"message": "CloudWatch publish failed: Unable to locate credentials", "timestamp": "2026-05-24T01:03:30.%fZ", "level": "ERROR", "logger": "cloudwatch"}
{"message": "CloudWatch publish failed: Unable to locate credentials", "timestamp": "2026-05-24T01:04:02.%fZ", "level": "ERROR", "logger": "cloudwatch"}
{"message": "CloudWatch publish failed: Unable to locate credentials", "timestamp": "2026-05-24T01:04:34.%fZ", "level": "ERROR", "logger": "cloudwatch"}
{"message": "CloudWatch publish failed: Unable to locate credentials", "timestamp": "2026-05-24T01:05:06.%fZ", "level": "ERROR", "logger": "cloudwatch"}
{"message": "CloudWatch publish failed: Unable to locate credentials", "timestamp": "2026-05-24T01:05:38.%fZ", "level": "ERROR", "logger": "cloudwatch"}
{"message": "CloudWatch publish failed: Unable to locate credentials", "timestamp": "2026-05-24T01:06:10.%fZ", "level": "ERROR", "logger": "cloudwatch"}
{"message": "CloudWatch publish failed: Unable to locate credentials", "timestamp": "2026-05-24T01:06:42.%fZ", "level": "ERROR", "logger": "cloudwatch"}
{"message": "CloudWatch publish failed: Unable to locate credentials", "timestamp": "2026-05-24T01:07:14.%fZ", "level": "ERROR", "logger": "cloudwatch"}
{"message": "CloudWatch publish failed: Unable to locate credentials", "timestamp": "2026-05-24T01:07:46.%fZ", "level": "ERROR", "logger": "cloudwatch"}
{"message": "CloudWatch publish failed: Unable to locate credentials", "timestamp": "2026-05-24T01:08:18.%fZ", "level": "ERROR", "logger": "cloudwatch"}
{"message": "CloudWatch publish failed: Unable to locate credentials", "timestamp": "2026-05-24T01:08:50.%fZ", "level": "ERROR", "logger": "cloudwatch"}
{"message": "CloudWatch publish failed: Unable to locate credentials", "timestamp": "2026-05-24T01:09:22.%fZ", "level": "ERROR", "logger": "cloudwatch"}
{"message": "CloudWatch publish failed: Unable to locate credentials", "timestamp": "2026-05-24T01:09:54.%fZ", "level": "ERROR", "logger": "cloudwatch"}
{"message": "CloudWatch publish failed: Unable to locate credentials", "timestamp": "2026-05-24T01:10:26.%fZ", "level": "ERROR", "logger": "cloudwatch"}
{"message": "CloudWatch publish failed: Unable to locate credentials", "timestamp": "2026-05-24T01:10:58.%fZ", "level": "ERROR", "logger": "cloudwatch"}
{"message": "CloudWatch publish failed: Unable to locate credentials", "timestamp": "2026-05-24T01:11:30.%fZ", "level": "ERROR", "logger": "cloudwatch"}
{"message": "CloudWatch publish failed: Unable to locate credentials", "timestamp": "2026-05-24T01:12:02.%fZ", "level": "ERROR", "logger": "cloudwatch"}
{"message": "CloudWatch publish failed: Unable to locate credentials", "timestamp": "2026-05-24T01:12:34.%fZ", "level": "ERROR", "logger": "cloudwatch"}
{"message": "CloudWatch publish failed: Unable to locate credentials", "timestamp": "2026-05-24T01:13:06.%fZ", "level": "ERROR", "logger": "cloudwatch"}
{"message": "CloudWatch publish failed: Unable to locate credentials", "timestamp": "2026-05-24T01:13:38.%fZ", "level": "ERROR", "logger": "cloudwatch"}
{"message": "CloudWatch publish failed: Unable to locate credentials", "timestamp": "2026-05-24T01:14:10.%fZ", "level": "ERROR", "logger": "cloudwatch"}
{"message": "CloudWatch publish failed: Unable to locate credentials", "timestamp": "2026-05-24T01:14:42.%fZ", "level": "ERROR", "logger": "cloudwatch"}
{"message": "CloudWatch publish failed: Unable to locate credentials", "timestamp": "2026-05-24T01:15:14.%fZ", "level": "ERROR", "logger": "cloudwatch"}
{"message": "CloudWatch publish failed: Unable to locate credentials", "timestamp": "2026-05-24T01:15:46.%fZ", "level": "ERROR", "logger": "cloudwatch"}
{"message": "CloudWatch publish failed: Unable to locate credentials", "timestamp": "2026-05-24T01:16:18.%fZ", "level": "ERROR", "logger": "cloudwatch"}
{"message": "CloudWatch publish failed: Unable to locate credentials", "timestamp": "2026-05-24T01:16:50.%fZ", "level": "ERROR", "logger": "cloudwatch"}
{"message": "CloudWatch publish failed: Unable to locate credentials", "timestamp": "2026-05-24T01:17:22.%fZ", "level": "ERROR", "logger": "cloudwatch"}
{"message": "CloudWatch publish failed: Unable to locate credentials", "timestamp": "2026-05-24T01:17:54.%fZ", "level": "ERROR", "logger": "cloudwatch"}
{"message": "CloudWatch publish failed: Unable to locate credentials", "timestamp": "2026-05-24T01:18:26.%fZ", "level": "ERROR", "logger": "cloudwatch"}
{"message": "CloudWatch publish failed: Unable to locate credentials", "timestamp": "2026-05-24T01:18:58.%fZ", "level": "ERROR", "logger": "cloudwatch"}
{"message": "CloudWatch publish failed: Unable to locate credentials", "timestamp": "2026-05-24T01:19:30.%fZ", "level": "ERROR", "logger": "cloudwatch"}
{"message": "CloudWatch publish failed: Unable to locate credentials", "timestamp": "2026-05-24T01:20:02.%fZ", "level": "ERROR", "logger": "cloudwatch"}
{"message": "CloudWatch publish failed: Unable to locate credentials", "timestamp": "2026-05-24T01:20:35.%fZ", "level": "ERROR", "logger": "cloudwatch"}
{"message": "CloudWatch publish failed: Unable to locate credentials", "timestamp": "2026-05-24T01:21:07.%fZ", "level": "ERROR", "logger": "cloudwatch"}
{"message": "CloudWatch publish failed: Unable to locate credentials", "timestamp": "2026-05-24T01:21:39.%fZ", "level": "ERROR", "logger": "cloudwatch"}
{"message": "CloudWatch publish failed: Unable to locate credentials", "timestamp": "2026-05-24T01:22:11.%fZ", "level": "ERROR", "logger": "cloudwatch"}
{"message": "CloudWatch publish failed: Unable to locate credentials", "timestamp": "2026-05-24T01:22:43.%fZ", "level": "ERROR", "logger": "cloudwatch"}
{"message": "CloudWatch publish failed: Unable to locate credentials", "timestamp": "2026-05-24T01:23:15.%fZ", "level": "ERROR", "logger": "cloudwatch"}
{"message": "CloudWatch publish failed: Unable to locate credentials", "timestamp": "2026-05-24T01:23:47.%fZ", "level": "ERROR", "logger": "cloudwatch"}
{"message": "CloudWatch publish failed: Unable to locate credentials", "timestamp": "2026-05-24T01:24:19.%fZ", "level": "ERROR", "logger": "cloudwatch"}
{"message": "CloudWatch publish failed: Unable to locate credentials", "timestamp": "2026-05-24T01:24:51.%fZ", "level": "ERROR", "logger": "cloudwatch"}
{"message": "CloudWatch publish failed: Unable to locate credentials", "timestamp": "2026-05-24T01:25:23.%fZ", "level": "ERROR", "logger": "cloudwatch"}
{"message": "CloudWatch publish failed: Unable to locate credentials", "timestamp": "2026-05-24T01:25:55.%fZ", "level": "ERROR", "logger": "cloudwatch"}
{"message": "CloudWatch publish failed: Unable to locate credentials", "timestamp": "2026-05-24T01:26:27.%fZ", "level": "ERROR", "logger": "cloudwatch"}
{"message": "CloudWatch publish failed: Unable to locate credentials", "timestamp": "2026-05-24T01:26:59.%fZ", "level": "ERROR", "logger": "cloudwatch"}
{"message": "CloudWatch publish failed: Unable to locate credentials", "timestamp": "2026-05-24T01:27:31.%fZ", "level": "ERROR", "logger": "cloudwatch"}
{"message": "CloudWatch publish failed: Unable to locate credentials", "timestamp": "2026-05-24T01:28:03.%fZ", "level": "ERROR", "logger": "cloudwatch"}
{"message": "CloudWatch publish failed: Unable to locate credentials", "timestamp": "2026-05-24T01:28:35.%fZ", "level": "ERROR", "logger": "cloudwatch"}
{"message": "CloudWatch publish failed: Unable to locate credentials", "timestamp": "2026-05-24T01:29:07.%fZ", "level": "ERROR", "logger": "cloudwatch"}
{"message": "CloudWatch publish failed: Unable to locate credentials", "timestamp": "2026-05-24T01:29:39.%fZ", "level": "ERROR", "logger": "cloudwatch"}
{"message": "CloudWatch publish failed: Unable to locate credentials", "timestamp": "2026-05-24T01:30:11.%fZ", "level": "ERROR", "logger": "cloudwatch"}
{"message": "CloudWatch publish failed: Unable to locate credentials", "timestamp": "2026-05-24T01:30:43.%fZ", "level": "ERROR", "logger": "cloudwatch"}
{"message": "CloudWatch publish failed: Unable to locate credentials", "timestamp": "2026-05-24T01:31:15.%fZ", "level": "ERROR", "logger": "cloudwatch"}
{"message": "CloudWatch publish failed: Unable to locate credentials", "timestamp": "2026-05-24T01:31:47.%fZ", "level": "ERROR", "logger": "cloudwatch"}
{"message": "CloudWatch publish failed: Unable to locate credentials", "timestamp": "2026-05-24T01:32:19.%fZ", "level": "ERROR", "logger": "cloudwatch"}
{"message": "CloudWatch publish failed: Unable to locate credentials", "timestamp": "2026-05-24T01:32:51.%fZ", "level": "ERROR", "logger": "cloudwatch"}
{"message": "CloudWatch publish failed: Unable to locate credentials", "timestamp": "2026-05-24T01:33:23.%fZ", "level": "ERROR", "logger": "cloudwatch"}
{"message": "CloudWatch publish failed: Unable to locate credentials", "timestamp": "2026-05-24T01:33:55.%fZ", "level": "ERROR", "logger": "cloudwatch"}
{"message": "CloudWatch publish failed: Unable to locate credentials", "timestamp": "2026-05-24T01:34:27.%fZ", "level": "ERROR", "logger": "cloudwatch"}
{"message": "CloudWatch publish failed: Unable to locate credentials", "timestamp": "2026-05-24T01:34:59.%fZ", "level": "ERROR", "logger": "cloudwatch"}
{"message": "CloudWatch publish failed: Unable to locate credentials", "timestamp": "2026-05-24T01:35:31.%fZ", "level": "ERROR", "logger": "cloudwatch"}
{"message": "CloudWatch publish failed: Unable to locate credentials", "timestamp": "2026-05-24T01:36:03.%fZ", "level": "ERROR", "logger": "cloudwatch"}
{"message": "CloudWatch publish failed: Unable to locate credentials", "timestamp": "2026-05-24T01:36:35.%fZ", "level": "ERROR", "logger": "cloudwatch"}
{"message": "CloudWatch publish failed: Unable to locate credentials", "timestamp": "2026-05-24T01:37:07.%fZ", "level": "ERROR", "logger": "cloudwatch"}
{"message": "CloudWatch publish failed: Unable to locate credentials", "timestamp": "2026-05-24T01:37:39.%fZ", "level": "ERROR", "logger": "cloudwatch"}
{"message": "CloudWatch publish failed: Unable to locate credentials", "timestamp": "2026-05-24T01:38:11.%fZ", "level": "ERROR", "logger": "cloudwatch"}
{"message": "CloudWatch publish failed: Unable to locate credentials", "timestamp": "2026-05-24T01:38:43.%fZ", "level": "ERROR", "logger": "cloudwatch"}
{"message": "CloudWatch publish failed: Unable to locate credentials", "timestamp": "2026-05-24T01:39:15.%fZ", "level": "ERROR", "logger": "cloudwatch"}
{"message": "CloudWatch publish failed: Unable to locate credentials", "timestamp": "2026-05-24T01:39:47.%fZ", "level": "ERROR", "logger": "cloudwatch"}
{"message": "CloudWatch publish failed: Unable to locate credentials", "timestamp": "2026-05-24T01:40:19.%fZ", "level": "ERROR", "logger": "cloudwatch"}
{"message": "CloudWatch publish failed: Unable to locate credentials", "timestamp": "2026-05-24T01:40:51.%fZ", "level": "ERROR", "logger": "cloudwatch"}
{"message": "CloudWatch publish failed: Unable to locate credentials", "timestamp": "2026-05-24T01:41:23.%fZ", "level": "ERROR", "logger": "cloudwatch"}
{"message": "CloudWatch publish failed: Unable to locate credentials", "timestamp": "2026-05-24T01:41:55.%fZ", "level": "ERROR", "logger": "cloudwatch"}
{"message": "CloudWatch publish failed: Unable to locate credentials", "timestamp": "2026-05-24T01:42:27.%fZ", "level": "ERROR", "logger": "cloudwatch"}
{"message": "CloudWatch publish failed: Unable to locate credentials", "timestamp": "2026-05-24T01:42:59.%fZ", "level": "ERROR", "logger": "cloudwatch"}
{"message": "CloudWatch publish failed: Unable to locate credentials", "timestamp": "2026-05-24T01:43:32.%fZ", "level": "ERROR", "logger": "cloudwatch"}
{"message": "CloudWatch publish failed: Unable to locate credentials", "timestamp": "2026-05-24T01:44:04.%fZ", "level": "ERROR", "logger": "cloudwatch"}
{"message": "CloudWatch publish failed: Unable to locate credentials", "timestamp": "2026-05-24T01:44:36.%fZ", "level": "ERROR", "logger": "cloudwatch"}
{"message": "CloudWatch publish failed: Unable to locate credentials", "timestamp": "2026-05-24T01:45:08.%fZ", "level": "ERROR", "logger": "cloudwatch"}
{"message": "CloudWatch publish failed: Unable to locate credentials", "timestamp": "2026-05-24T01:45:40.%fZ", "level": "ERROR", "logger": "cloudwatch"}
{"message": "CloudWatch publish failed: Unable to locate credentials", "timestamp": "2026-05-24T01:46:12.%fZ", "level": "ERROR", "logger": "cloudwatch"}
{"message": "CloudWatch publish failed: Unable to locate credentials", "timestamp": "2026-05-24T01:46:44.%fZ", "level": "ERROR", "logger": "cloudwatch"}
{"message": "CloudWatch publish failed: Unable to locate credentials", "timestamp": "2026-05-24T01:47:16.%fZ", "level": "ERROR", "logger": "cloudwatch"}
{"message": "CloudWatch publish failed: Unable to locate credentials", "timestamp": "2026-05-24T01:47:48.%fZ", "level": "ERROR", "logger": "cloudwatch"}
{"message": "CloudWatch publish failed: Unable to locate credentials", "timestamp": "2026-05-24T01:48:20.%fZ", "level": "ERROR", "logger": "cloudwatch"}
{"message": "CloudWatch publish failed: Unable to locate credentials", "timestamp": "2026-05-24T01:48:52.%fZ", "level": "ERROR", "logger": "cloudwatch"}
{"message": "CloudWatch publish failed: Unable to locate credentials", "timestamp": "2026-05-24T01:49:24.%fZ", "level": "ERROR", "logger": "cloudwatch"}
{"message": "CloudWatch publish failed: Unable to locate credentials", "timestamp": "2026-05-24T01:49:56.%fZ", "level": "ERROR", "logger": "cloudwatch"}
{"message": "CloudWatch publish failed: Unable to locate credentials", "timestamp": "2026-05-24T01:50:28.%fZ", "level": "ERROR", "logger": "cloudwatch"}
{"message": "CloudWatch publish failed: Unable to locate credentials", "timestamp": "2026-05-24T01:51:00.%fZ", "level": "ERROR", "logger": "cloudwatch"}
{"message": "CloudWatch publish failed: Unable to locate credentials", "timestamp": "2026-05-24T01:51:32.%fZ", "level": "ERROR", "logger": "cloudwatch"}
{"message": "CloudWatch publish failed: Unable to locate credentials", "timestamp": "2026-05-24T01:52:04.%fZ", "level": "ERROR", "logger": "cloudwatch"}
{"message": "CloudWatch publish failed: Unable to locate credentials", "timestamp": "2026-05-24T01:52:36.%fZ", "level": "ERROR", "logger": "cloudwatch"}
{"message": "CloudWatch publish failed: Unable to locate credentials", "timestamp": "2026-05-24T01:53:08.%fZ", "level": "ERROR", "logger": "cloudwatch"}
{"message": "CloudWatch publish failed: Unable to locate credentials", "timestamp": "2026-05-24T01:53:40.%fZ", "level": "ERROR", "logger": "cloudwatch"}
{"message": "CloudWatch publish failed: Unable to locate credentials", "timestamp": "2026-05-24T01:54:12.%fZ", "level": "ERROR", "logger": "cloudwatch"}
{"message": "CloudWatch publish failed: Unable to locate credentials", "timestamp": "2026-05-24T01:54:44.%fZ", "level": "ERROR", "logger": "cloudwatch"}
{"message": "CloudWatch publish failed: Unable to locate credentials", "timestamp": "2026-05-24T01:55:16.%fZ", "level": "ERROR", "logger": "cloudwatch"}
{"message": "CloudWatch publish failed: Unable to locate credentials", "timestamp": "2026-05-24T01:55:48.%fZ", "level": "ERROR", "logger": "cloudwatch"}
{"message": "CloudWatch publish failed: Unable to locate credentials", "timestamp": "2026-05-24T01:56:20.%fZ", "level": "ERROR", "logger": "cloudwatch"}
{"message": "CloudWatch publish failed: Unable to locate credentials", "timestamp": "2026-05-24T01:56:52.%fZ", "level": "ERROR", "logger": "cloudwatch"}
{"message": "CloudWatch publish failed: Unable to locate credentials", "timestamp": "2026-05-24T01:57:24.%fZ", "level": "ERROR", "logger": "cloudwatch"}
{"message": "CloudWatch publish failed: Unable to locate credentials", "timestamp": "2026-05-24T01:57:56.%fZ", "level": "ERROR", "logger": "cloudwatch"}
{"message": "CloudWatch publish failed: Unable to locate credentials", "timestamp": "2026-05-24T01:58:28.%fZ", "level": "ERROR", "logger": "cloudwatch"}
{"message": "CloudWatch publish failed: Unable to locate credentials", "timestamp": "2026-05-24T01:59:00.%fZ", "level": "ERROR", "logger": "cloudwatch"}
{"message": "CloudWatch publish failed: Unable to locate credentials", "timestamp": "2026-05-24T01:59:32.%fZ", "level": "ERROR", "logger": "cloudwatch"}
{"message": "CloudWatch publish failed: Unable to locate credentials", "timestamp": "2026-05-24T02:00:04.%fZ", "level": "ERROR", "logger": "cloudwatch"}
{"message": "CloudWatch publish failed: Unable to locate credentials", "timestamp": "2026-05-24T02:00:36.%fZ", "level": "ERROR", "logger": "cloudwatch"}
{"message": "CloudWatch publish failed: Unable to locate credentials", "timestamp": "2026-05-24T02:01:08.%fZ", "level": "ERROR", "logger": "cloudwatch"}
{"message": "CloudWatch publish failed: Unable to locate credentials", "timestamp": "2026-05-24T02:01:40.%fZ", "level": "ERROR", "logger": "cloudwatch"}
{"message": "CloudWatch publish failed: Unable to locate credentials", "timestamp": "2026-05-24T02:02:12.%fZ", "level": "ERROR", "logger": "cloudwatch"}
{"message": "CloudWatch publish failed: Unable to locate credentials", "timestamp": "2026-05-24T02:02:44.%fZ", "level": "ERROR", "logger": "cloudwatch"}
{"message": "CloudWatch publish failed: Unable to locate credentials", "timestamp": "2026-05-24T02:03:16.%fZ", "level": "ERROR", "logger": "cloudwatch"}
{"message": "CloudWatch publish failed: Unable to locate credentials", "timestamp": "2026-05-24T02:03:48.%fZ", "level": "ERROR", "logger": "cloudwatch"}
{"message": "CloudWatch publish failed: Unable to locate credentials", "timestamp": "2026-05-24T02:04:20.%fZ", "level": "ERROR", "logger": "cloudwatch"}
{"message": "CloudWatch publish failed: Unable to locate credentials", "timestamp": "2026-05-24T02:04:52.%fZ", "level": "ERROR", "logger": "cloudwatch"}
{"message": "CloudWatch publish failed: Unable to locate credentials", "timestamp": "2026-05-24T02:05:24.%fZ", "level": "ERROR", "logger": "cloudwatch"}
{"message": "CloudWatch publish failed: Unable to locate credentials", "timestamp": "2026-05-24T02:05:56.%fZ", "level": "ERROR", "logger": "cloudwatch"}
{"message": "CloudWatch publish failed: Unable to locate credentials", "timestamp": "2026-05-24T02:06:28.%fZ", "level": "ERROR", "logger": "cloudwatch"}
{"message": "CloudWatch publish failed: Unable to locate credentials", "timestamp": "2026-05-24T02:07:01.%fZ", "level": "ERROR", "logger": "cloudwatch"}
{"message": "CloudWatch publish failed: Unable to locate credentials", "timestamp": "2026-05-24T02:07:33.%fZ", "level": "ERROR", "logger": "cloudwatch"}
{"message": "CloudWatch publish failed: Unable to locate credentials", "timestamp": "2026-05-24T02:08:05.%fZ", "level": "ERROR", "logger": "cloudwatch"}
{"message": "CloudWatch publish failed: Unable to locate credentials", "timestamp": "2026-05-24T02:08:37.%fZ", "level": "ERROR", "logger": "cloudwatch"}
{"message": "CloudWatch publish failed: Unable to locate credentials", "timestamp": "2026-05-24T02:09:09.%fZ", "level": "ERROR", "logger": "cloudwatch"}
{"message": "CloudWatch publish failed: Unable to locate credentials", "timestamp": "2026-05-24T02:09:41.%fZ", "level": "ERROR", "logger": "cloudwatch"}
{"message": "CloudWatch publish failed: Unable to locate credentials", "timestamp": "2026-05-24T02:10:13.%fZ", "level": "ERROR", "logger": "cloudwatch"}
{"message": "CloudWatch publish failed: Unable to locate credentials", "timestamp": "2026-05-24T02:10:45.%fZ", "level": "ERROR", "logger": "cloudwatch"}
{"message": "CloudWatch publish failed: Unable to locate credentials", "timestamp": "2026-05-24T02:11:17.%fZ", "level": "ERROR", "logger": "cloudwatch"}
{"message": "CloudWatch publish failed: Unable to locate credentials", "timestamp": "2026-05-24T02:11:49.%fZ", "level": "ERROR", "logger": "cloudwatch"}
{"message": "CloudWatch publish failed: Unable to locate credentials", "timestamp": "2026-05-24T02:12:21.%fZ", "level": "ERROR", "logger": "cloudwatch"}
{"message": "CloudWatch publish failed: Unable to locate credentials", "timestamp": "2026-05-24T02:12:53.%fZ", "level": "ERROR", "logger": "cloudwatch"}
{"message": "CloudWatch publish failed: Unable to locate credentials", "timestamp": "2026-05-24T02:13:25.%fZ", "level": "ERROR", "logger": "cloudwatch"}
{"message": "CloudWatch publish failed: Unable to locate credentials", "timestamp": "2026-05-24T02:13:57.%fZ", "level": "ERROR", "logger": "cloudwatch"}
{"message": "CloudWatch publish failed: Unable to locate credentials", "timestamp": "2026-05-24T02:14:29.%fZ", "level": "ERROR", "logger": "cloudwatch"}
{"message": "CloudWatch publish failed: Unable to locate credentials", "timestamp": "2026-05-24T02:15:01.%fZ", "level": "ERROR", "logger": "cloudwatch"}
{"message": "CloudWatch publish failed: Unable to locate credentials", "timestamp": "2026-05-24T02:15:33.%fZ", "level": "ERROR", "logger": "cloudwatch"}
{"message": "CloudWatch publish failed: Unable to locate credentials", "timestamp": "2026-05-24T02:16:05.%fZ", "level": "ERROR", "logger": "cloudwatch"}
{"message": "CloudWatch publish failed: Unable to locate credentials", "timestamp": "2026-05-24T02:16:37.%fZ", "level": "ERROR", "logger": "cloudwatch"}
{"message": "CloudWatch publish failed: Unable to locate credentials", "timestamp": "2026-05-24T02:17:09.%fZ", "level": "ERROR", "logger": "cloudwatch"}
{"message": "CloudWatch publish failed: Unable to locate credentials", "timestamp": "2026-05-24T02:17:41.%fZ", "level": "ERROR", "logger": "cloudwatch"}
{"message": "CloudWatch publish failed: Unable to locate credentials", "timestamp": "2026-05-24T02:18:13.%fZ", "level": "ERROR", "logger": "cloudwatch"}
{"message": "CloudWatch publish failed: Unable to locate credentials", "timestamp": "2026-05-24T02:18:45.%fZ", "level": "ERROR", "logger": "cloudwatch"}
{"message": "CloudWatch publish failed: Unable to locate credentials", "timestamp": "2026-05-24T02:19:17.%fZ", "level": "ERROR", "logger": "cloudwatch"}
{"message": "CloudWatch publish failed: Unable to locate credentials", "timestamp": "2026-05-24T02:19:49.%fZ", "level": "ERROR", "logger": "cloudwatch"}
{"message": "CloudWatch publish failed: Unable to locate credentials", "timestamp": "2026-05-24T02:20:21.%fZ", "level": "ERROR", "logger": "cloudwatch"}
{"message": "CloudWatch publish failed: Unable to locate credentials", "timestamp": "2026-05-24T02:20:53.%fZ", "level": "ERROR", "logger": "cloudwatch"}
{"message": "CloudWatch publish failed: Unable to locate credentials", "timestamp": "2026-05-24T02:21:25.%fZ", "level": "ERROR", "logger": "cloudwatch"}
{"message": "CloudWatch publish failed: Unable to locate credentials", "timestamp": "2026-05-24T02:21:57.%fZ", "level": "ERROR", "logger": "cloudwatch"}
{"message": "CloudWatch publish failed: Unable to locate credentials", "timestamp": "2026-05-24T02:22:29.%fZ", "level": "ERROR", "logger": "cloudwatch"}
{"message": "CloudWatch publish failed: Unable to locate credentials", "timestamp": "2026-05-24T02:23:01.%fZ", "level": "ERROR", "logger": "cloudwatch"}
{"message": "CloudWatch publish failed: Unable to locate credentials", "timestamp": "2026-05-24T02:23:33.%fZ", "level": "ERROR", "logger": "cloudwatch"}
{"message": "CloudWatch publish failed: Unable to locate credentials", "timestamp": "2026-05-24T02:24:05.%fZ", "level": "ERROR", "logger": "cloudwatch"}
{"message": "CloudWatch publish failed: Unable to locate credentials", "timestamp": "2026-05-24T02:24:37.%fZ", "level": "ERROR", "logger": "cloudwatch"}
{"message": "CloudWatch publish failed: Unable to locate credentials", "timestamp": "2026-05-24T02:25:09.%fZ", "level": "ERROR", "logger": "cloudwatch"}
{"message": "CloudWatch publish failed: Unable to locate credentials", "timestamp": "2026-05-24T02:25:41.%fZ", "level": "ERROR", "logger": "cloudwatch"}
{"message": "CloudWatch publish failed: Unable to locate credentials", "timestamp": "2026-05-24T02:26:13.%fZ", "level": "ERROR", "logger": "cloudwatch"}
{"message": "CloudWatch publish failed: Unable to locate credentials", "timestamp": "2026-05-24T02:26:45.%fZ", "level": "ERROR", "logger": "cloudwatch"}
{"message": "CloudWatch publish failed: Unable to locate credentials", "timestamp": "2026-05-24T02:27:17.%fZ", "level": "ERROR", "logger": "cloudwatch"}
{"message": "CloudWatch publish failed: Unable to locate credentials", "timestamp": "2026-05-24T02:27:49.%fZ", "level": "ERROR", "logger": "cloudwatch"}
{"message": "CloudWatch publish failed: Unable to locate credentials", "timestamp": "2026-05-24T02:28:22.%fZ", "level": "ERROR", "logger": "cloudwatch"}
{"message": "CloudWatch publish failed: Unable to locate credentials", "timestamp": "2026-05-24T02:28:54.%fZ", "level": "ERROR", "logger": "cloudwatch"}
{"message": "CloudWatch publish failed: Unable to locate credentials", "timestamp": "2026-05-24T02:29:26.%fZ", "level": "ERROR", "logger": "cloudwatch"}
{"message": "CloudWatch publish failed: Unable to locate credentials", "timestamp": "2026-05-24T02:29:58.%fZ", "level": "ERROR", "logger": "cloudwatch"}
{"message": "CloudWatch publish failed: Unable to locate credentials", "timestamp": "2026-05-24T02:30:30.%fZ", "level": "ERROR", "logger": "cloudwatch"}
{"message": "CloudWatch publish failed: Unable to locate credentials", "timestamp": "2026-05-24T02:31:02.%fZ", "level": "ERROR", "logger": "cloudwatch"}
{"message": "CloudWatch publish failed: Unable to locate credentials", "timestamp": "2026-05-24T02:31:34.%fZ", "level": "ERROR", "logger": "cloudwatch"}
{"message": "CloudWatch publish failed: Unable to locate credentials", "timestamp": "2026-05-24T02:32:06.%fZ", "level": "ERROR", "logger": "cloudwatch"}
{"message": "CloudWatch publish failed: Unable to locate credentials", "timestamp": "2026-05-24T02:32:38.%fZ", "level": "ERROR", "logger": "cloudwatch"}
{"message": "CloudWatch publish failed: Unable to locate credentials", "timestamp": "2026-05-24T02:33:10.%fZ", "level": "ERROR", "logger": "cloudwatch"}
{"message": "CloudWatch publish failed: Unable to locate credentials", "timestamp": "2026-05-24T02:33:42.%fZ", "level": "ERROR", "logger": "cloudwatch"}
{"message": "CloudWatch publish failed: Unable to locate credentials", "timestamp": "2026-05-24T02:34:14.%fZ", "level": "ERROR", "logger": "cloudwatch"}
{"message": "CloudWatch publish failed: Unable to locate credentials", "timestamp": "2026-05-24T02:34:46.%fZ", "level": "ERROR", "logger": "cloudwatch"}
{"message": "CloudWatch publish failed: Unable to locate credentials", "timestamp": "2026-05-24T02:35:18.%fZ", "level": "ERROR", "logger": "cloudwatch"}
{"message": "CloudWatch publish failed: Unable to locate credentials", "timestamp": "2026-05-24T02:35:50.%fZ", "level": "ERROR", "logger": "cloudwatch"}
{"message": "CloudWatch publish failed: Unable to locate credentials", "timestamp": "2026-05-24T02:36:22.%fZ", "level": "ERROR", "logger": "cloudwatch"}
{"message": "CloudWatch publish failed: Unable to locate credentials", "timestamp": "2026-05-24T02:36:54.%fZ", "level": "ERROR", "logger": "cloudwatch"}
{"message": "CloudWatch publish failed: Unable to locate credentials", "timestamp": "2026-05-24T02:37:26.%fZ", "level": "ERROR", "logger": "cloudwatch"}
{"message": "CloudWatch publish failed: Unable to locate credentials", "timestamp": "2026-05-24T02:37:58.%fZ", "level": "ERROR", "logger": "cloudwatch"}
{"message": "CloudWatch publish failed: Unable to locate credentials", "timestamp": "2026-05-24T02:38:30.%fZ", "level": "ERROR", "logger": "cloudwatch"}
{"message": "CloudWatch publish failed: Unable to locate credentials", "timestamp": "2026-05-24T02:39:02.%fZ", "level": "ERROR", "logger": "cloudwatch"}
{"message": "CloudWatch publish failed: Unable to locate credentials", "timestamp": "2026-05-24T02:39:34.%fZ", "level": "ERROR", "logger": "cloudwatch"}
{"message": "CloudWatch publish failed: Unable to locate credentials", "timestamp": "2026-05-24T02:40:06.%fZ", "level": "ERROR", "logger": "cloudwatch"}
{"message": "CloudWatch publish failed: Unable to locate credentials", "timestamp": "2026-05-24T02:40:38.%fZ", "level": "ERROR", "logger": "cloudwatch"}
{"message": "CloudWatch publish failed: Unable to locate credentials", "timestamp": "2026-05-24T02:41:10.%fZ", "level": "ERROR", "logger": "cloudwatch"}
{"message": "CloudWatch publish failed: Unable to locate credentials", "timestamp": "2026-05-24T02:41:42.%fZ", "level": "ERROR", "logger": "cloudwatch"}
{"message": "CloudWatch publish failed: Unable to locate credentials", "timestamp": "2026-05-24T02:42:14.%fZ", "level": "ERROR", "logger": "cloudwatch"}
{"message": "CloudWatch publish failed: Unable to locate credentials", "timestamp": "2026-05-24T02:42:46.%fZ", "level": "ERROR", "logger": "cloudwatch"}
{"message": "CloudWatch publish failed: Unable to locate credentials", "timestamp": "2026-05-24T02:43:18.%fZ", "level": "ERROR", "logger": "cloudwatch"}
{"message": "CloudWatch publish failed: Unable to locate credentials", "timestamp": "2026-05-24T02:43:50.%fZ", "level": "ERROR", "logger": "cloudwatch"}
{"message": "CloudWatch publish failed: Unable to locate credentials", "timestamp": "2026-05-24T02:44:22.%fZ", "level": "ERROR", "logger": "cloudwatch"}
{"message": "CloudWatch publish failed: Unable to locate credentials", "timestamp": "2026-05-24T02:44:54.%fZ", "level": "ERROR", "logger": "cloudwatch"}
{"message": "CloudWatch publish failed: Unable to locate credentials", "timestamp": "2026-05-24T02:45:26.%fZ", "level": "ERROR", "logger": "cloudwatch"}
{"message": "CloudWatch publish failed: Unable to locate credentials", "timestamp": "2026-05-24T02:45:58.%fZ", "level": "ERROR", "logger": "cloudwatch"}
{"message": "CloudWatch publish failed: Unable to locate credentials", "timestamp": "2026-05-24T02:46:30.%fZ", "level": "ERROR", "logger": "cloudwatch"}
{"message": "CloudWatch publish failed: Unable to locate credentials", "timestamp": "2026-05-24T02:47:02.%fZ", "level": "ERROR", "logger": "cloudwatch"}
{"message": "CloudWatch publish failed: Unable to locate credentials", "timestamp": "2026-05-24T02:47:34.%fZ", "level": "ERROR", "logger": "cloudwatch"}
{"message": "CloudWatch publish failed: Unable to locate credentials", "timestamp": "2026-05-24T02:48:06.%fZ", "level": "ERROR", "logger": "cloudwatch"}
{"message": "CloudWatch publish failed: Unable to locate credentials", "timestamp": "2026-05-24T02:48:38.%fZ", "level": "ERROR", "logger": "cloudwatch"}
{"message": "CloudWatch publish failed: Unable to locate credentials", "timestamp": "2026-05-24T02:49:10.%fZ", "level": "ERROR", "logger": "cloudwatch"}
{"message": "CloudWatch publish failed: Unable to locate credentials", "timestamp": "2026-05-24T02:49:42.%fZ", "level": "ERROR", "logger": "cloudwatch"}
{"message": "CloudWatch publish failed: Unable to locate credentials", "timestamp": "2026-05-24T02:50:14.%fZ", "level": "ERROR", "logger": "cloudwatch"}
{"message": "CloudWatch publish failed: Unable to locate credentials", "timestamp": "2026-05-24T02:50:47.%fZ", "level": "ERROR", "logger": "cloudwatch"}
{"message": "CloudWatch publish failed: Unable to locate credentials", "timestamp": "2026-05-24T02:51:19.%fZ", "level": "ERROR", "logger": "cloudwatch"}
{"message": "CloudWatch publish failed: Unable to locate credentials", "timestamp": "2026-05-24T02:51:51.%fZ", "level": "ERROR", "logger": "cloudwatch"}
{"message": "CloudWatch publish failed: Unable to locate credentials", "timestamp": "2026-05-24T02:52:23.%fZ", "level": "ERROR", "logger": "cloudwatch"}
{"message": "CloudWatch publish failed: Unable to locate credentials", "timestamp": "2026-05-24T02:52:55.%fZ", "level": "ERROR", "logger": "cloudwatch"}
{"message": "CloudWatch publish failed: Unable to locate credentials", "timestamp": "2026-05-24T02:53:27.%fZ", "level": "ERROR", "logger": "cloudwatch"}
{"message": "CloudWatch publish failed: Unable to locate credentials", "timestamp": "2026-05-24T02:53:59.%fZ", "level": "ERROR", "logger": "cloudwatch"}
{"message": "CloudWatch publish failed: Unable to locate credentials", "timestamp": "2026-05-24T02:54:31.%fZ", "level": "ERROR", "logger": "cloudwatch"}
{"message": "CloudWatch publish failed: Unable to locate credentials", "timestamp": "2026-05-24T02:55:03.%fZ", "level": "ERROR", "logger": "cloudwatch"}
{"message": "CloudWatch publish failed: Unable to locate credentials", "timestamp": "2026-05-24T02:55:35.%fZ", "level": "ERROR", "logger": "cloudwatch"}
{"message": "CloudWatch publish failed: Unable to locate credentials", "timestamp": "2026-05-24T02:56:07.%fZ", "level": "ERROR", "logger": "cloudwatch"}
{"message": "CloudWatch publish failed: Unable to locate credentials", "timestamp": "2026-05-24T02:56:39.%fZ", "level": "ERROR", "logger": "cloudwatch"}
{"message": "CloudWatch publish failed: Unable to locate credentials", "timestamp": "2026-05-24T02:57:11.%fZ", "level": "ERROR", "logger": "cloudwatch"}
{"message": "CloudWatch publish failed: Unable to locate credentials", "timestamp": "2026-05-24T02:57:43.%fZ", "level": "ERROR", "logger": "cloudwatch"}
{"message": "CloudWatch publish failed: Unable to locate credentials", "timestamp": "2026-05-24T02:58:15.%fZ", "level": "ERROR", "logger": "cloudwatch"}
{"message": "CloudWatch publish failed: Unable to locate credentials", "timestamp": "2026-05-24T02:58:47.%fZ", "level": "ERROR", "logger": "cloudwatch"}
{"message": "CloudWatch publish failed: Unable to locate credentials", "timestamp": "2026-05-24T02:59:19.%fZ", "level": "ERROR", "logger": "cloudwatch"}
{"message": "CloudWatch publish failed: Unable to locate credentials", "timestamp": "2026-05-24T02:59:51.%fZ", "level": "ERROR", "logger": "cloudwatch"}
{"message": "CloudWatch publish failed: Unable to locate credentials", "timestamp": "2026-05-24T03:00:23.%fZ", "level": "ERROR", "logger": "cloudwatch"}
{"message": "CloudWatch publish failed: Unable to locate credentials", "timestamp": "2026-05-24T03:00:55.%fZ", "level": "ERROR", "logger": "cloudwatch"}
{"message": "CloudWatch publish failed: Unable to locate credentials", "timestamp": "2026-05-24T03:01:27.%fZ", "level": "ERROR", "logger": "cloudwatch"}
{"message": "CloudWatch publish failed: Unable to locate credentials", "timestamp": "2026-05-24T03:01:59.%fZ", "level": "ERROR", "logger": "cloudwatch"}
{"message": "CloudWatch publish failed: Unable to locate credentials", "timestamp": "2026-05-24T03:02:31.%fZ", "level": "ERROR", "logger": "cloudwatch"}
{"message": "CloudWatch publish failed: Unable to locate credentials", "timestamp": "2026-05-24T03:03:03.%fZ", "level": "ERROR", "logger": "cloudwatch"}
{"message": "CloudWatch publish failed: Unable to locate credentials", "timestamp": "2026-05-24T03:03:35.%fZ", "level": "ERROR", "logger": "cloudwatch"}
{"message": "CloudWatch publish failed: Unable to locate credentials", "timestamp": "2026-05-24T03:04:07.%fZ", "level": "ERROR", "logger": "cloudwatch"}
{"message": "CloudWatch publish failed: Unable to locate credentials", "timestamp": "2026-05-24T03:04:39.%fZ", "level": "ERROR", "logger": "cloudwatch"}
{"message": "CloudWatch publish failed: Unable to locate credentials", "timestamp": "2026-05-24T03:05:11.%fZ", "level": "ERROR", "logger": "cloudwatch"}
{"message": "CloudWatch publish failed: Unable to locate credentials", "timestamp": "2026-05-24T03:05:43.%fZ", "level": "ERROR", "logger": "cloudwatch"}
{"message": "CloudWatch publish failed: Unable to locate credentials", "timestamp": "2026-05-24T03:06:15.%fZ", "level": "ERROR", "logger": "cloudwatch"}
{"message": "CloudWatch publish failed: Unable to locate credentials", "timestamp": "2026-05-24T03:06:47.%fZ", "level": "ERROR", "logger": "cloudwatch"}
{"message": "CloudWatch publish failed: Unable to locate credentials", "timestamp": "2026-05-24T03:07:19.%fZ", "level": "ERROR", "logger": "cloudwatch"}
{"message": "CloudWatch publish failed: Unable to locate credentials", "timestamp": "2026-05-24T03:07:51.%fZ", "level": "ERROR", "logger": "cloudwatch"}
{"message": "CloudWatch publish failed: Unable to locate credentials", "timestamp": "2026-05-24T03:08:23.%fZ", "level": "ERROR", "logger": "cloudwatch"}
{"message": "CloudWatch publish failed: Unable to locate credentials", "timestamp": "2026-05-24T03:08:55.%fZ", "level": "ERROR", "logger": "cloudwatch"}
{"message": "CloudWatch publish failed: Unable to locate credentials", "timestamp": "2026-05-24T03:09:27.%fZ", "level": "ERROR", "logger": "cloudwatch"}
{"message": "CloudWatch publish failed: Unable to locate credentials", "timestamp": "2026-05-24T03:09:59.%fZ", "level": "ERROR", "logger": "cloudwatch"}
{"message": "CloudWatch publish failed: Unable to locate credentials", "timestamp": "2026-05-24T03:10:31.%fZ", "level": "ERROR", "logger": "cloudwatch"}
{"message": "CloudWatch publish failed: Unable to locate credentials", "timestamp": "2026-05-24T03:11:03.%fZ", "level": "ERROR", "logger": "cloudwatch"}
{"message": "CloudWatch publish failed: Unable to locate credentials", "timestamp": "2026-05-24T03:11:35.%fZ", "level": "ERROR", "logger": "cloudwatch"}
{"message": "CloudWatch publish failed: Unable to locate credentials", "timestamp": "2026-05-24T03:12:07.%fZ", "level": "ERROR", "logger": "cloudwatch"}
{"message": "CloudWatch publish failed: Unable to locate credentials", "timestamp": "2026-05-24T03:12:39.%fZ", "level": "ERROR", "logger": "cloudwatch"}
{"message": "CloudWatch publish failed: Unable to locate credentials", "timestamp": "2026-05-24T03:13:11.%fZ", "level": "ERROR", "logger": "cloudwatch"}
{"message": "CloudWatch publish failed: Unable to locate credentials", "timestamp": "2026-05-24T03:13:44.%fZ", "level": "ERROR", "logger": "cloudwatch"}
{"message": "CloudWatch publish failed: Unable to locate credentials", "timestamp": "2026-05-24T03:14:16.%fZ", "level": "ERROR", "logger": "cloudwatch"}
{"message": "CloudWatch publish failed: Unable to locate credentials", "timestamp": "2026-05-24T03:14:48.%fZ", "level": "ERROR", "logger": "cloudwatch"}
{"message": "CloudWatch publish failed: Unable to locate credentials", "timestamp": "2026-05-24T03:15:20.%fZ", "level": "ERROR", "logger": "cloudwatch"}
{"message": "CloudWatch publish failed: Unable to locate credentials", "timestamp": "2026-05-24T03:15:52.%fZ", "level": "ERROR", "logger": "cloudwatch"}
{"message": "CloudWatch publish failed: Unable to locate credentials", "timestamp": "2026-05-24T03:16:24.%fZ", "level": "ERROR", "logger": "cloudwatch"}
{"message": "CloudWatch publish failed: Unable to locate credentials", "timestamp": "2026-05-24T03:16:56.%fZ", "level": "ERROR", "logger": "cloudwatch"}
{"message": "CloudWatch publish failed: Unable to locate credentials", "timestamp": "2026-05-24T03:17:28.%fZ", "level": "ERROR", "logger": "cloudwatch"}
{"message": "CloudWatch publish failed: Unable to locate credentials", "timestamp": "2026-05-24T03:18:00.%fZ", "level": "ERROR", "logger": "cloudwatch"}
{"message": "CloudWatch publish failed: Unable to locate credentials", "timestamp": "2026-05-24T03:18:32.%fZ", "level": "ERROR", "logger": "cloudwatch"}
{"message": "CloudWatch publish failed: Unable to locate credentials", "timestamp": "2026-05-24T03:19:04.%fZ", "level": "ERROR", "logger": "cloudwatch"}
{"message": "CloudWatch publish failed: Unable to locate credentials", "timestamp": "2026-05-24T03:19:36.%fZ", "level": "ERROR", "logger": "cloudwatch"}
{"message": "CloudWatch publish failed: Unable to locate credentials", "timestamp": "2026-05-24T03:20:08.%fZ", "level": "ERROR", "logger": "cloudwatch"}
{"message": "CloudWatch publish failed: Unable to locate credentials", "timestamp": "2026-05-24T03:20:40.%fZ", "level": "ERROR", "logger": "cloudwatch"}
{"message": "CloudWatch publish failed: Unable to locate credentials", "timestamp": "2026-05-24T03:21:12.%fZ", "level": "ERROR", "logger": "cloudwatch"}
{"message": "CloudWatch publish failed: Unable to locate credentials", "timestamp": "2026-05-24T03:21:44.%fZ", "level": "ERROR", "logger": "cloudwatch"}
{"message": "CloudWatch publish failed: Unable to locate credentials", "timestamp": "2026-05-24T03:22:16.%fZ", "level": "ERROR", "logger": "cloudwatch"}
{"message": "CloudWatch publish failed: Unable to locate credentials", "timestamp": "2026-05-24T03:22:48.%fZ", "level": "ERROR", "logger": "cloudwatch"}
{"message": "CloudWatch publish failed: Unable to locate credentials", "timestamp": "2026-05-24T03:23:20.%fZ", "level": "ERROR", "logger": "cloudwatch"}
{"message": "CloudWatch publish failed: Unable to locate credentials", "timestamp": "2026-05-24T03:23:52.%fZ", "level": "ERROR", "logger": "cloudwatch"}
{"message": "CloudWatch publish failed: Unable to locate credentials", "timestamp": "2026-05-24T03:24:24.%fZ", "level": "ERROR", "logger": "cloudwatch"}
{"message": "CloudWatch publish failed: Unable to locate credentials", "timestamp": "2026-05-24T03:24:56.%fZ", "level": "ERROR", "logger": "cloudwatch"}
{"message": "CloudWatch publish failed: Unable to locate credentials", "timestamp": "2026-05-24T03:25:28.%fZ", "level": "ERROR", "logger": "cloudwatch"}
{"message": "CloudWatch publish failed: Unable to locate credentials", "timestamp": "2026-05-24T03:26:00.%fZ", "level": "ERROR", "logger": "cloudwatch"}
{"message": "CloudWatch publish failed: Unable to locate credentials", "timestamp": "2026-05-24T03:26:32.%fZ", "level": "ERROR", "logger": "cloudwatch"}
{"message": "CloudWatch publish failed: Unable to locate credentials", "timestamp": "2026-05-24T03:27:04.%fZ", "level": "ERROR", "logger": "cloudwatch"}
{"message": "CloudWatch publish failed: Unable to locate credentials", "timestamp": "2026-05-24T03:27:36.%fZ", "level": "ERROR", "logger": "cloudwatch"}
{"message": "CloudWatch publish failed: Unable to locate credentials", "timestamp": "2026-05-24T03:28:08.%fZ", "level": "ERROR", "logger": "cloudwatch"}
{"message": "CloudWatch publish failed: Unable to locate credentials", "timestamp": "2026-05-24T03:28:40.%fZ", "level": "ERROR", "logger": "cloudwatch"}
{"message": "CloudWatch publish failed: Unable to locate credentials", "timestamp": "2026-05-24T03:29:12.%fZ", "level": "ERROR", "logger": "cloudwatch"}
{"message": "CloudWatch publish failed: Unable to locate credentials", "timestamp": "2026-05-24T03:29:44.%fZ", "level": "ERROR", "logger": "cloudwatch"}
{"message": "CloudWatch publish failed: Unable to locate credentials", "timestamp": "2026-05-24T03:30:16.%fZ", "level": "ERROR", "logger": "cloudwatch"}
{"message": "CloudWatch publish failed: Unable to locate credentials", "timestamp": "2026-05-24T03:30:48.%fZ", "level": "ERROR", "logger": "cloudwatch"}
{"message": "CloudWatch publish failed: Unable to locate credentials", "timestamp": "2026-05-24T03:31:20.%fZ", "level": "ERROR", "logger": "cloudwatch"}
{"message": "CloudWatch publish failed: Unable to locate credentials", "timestamp": "2026-05-24T03:31:52.%fZ", "level": "ERROR", "logger": "cloudwatch"}
{"message": "CloudWatch publish failed: Unable to locate credentials", "timestamp": "2026-05-24T03:32:24.%fZ", "level": "ERROR", "logger": "cloudwatch"}
{"message": "CloudWatch publish failed: Unable to locate credentials", "timestamp": "2026-05-24T03:32:56.%fZ", "level": "ERROR", "logger": "cloudwatch"}
{"message": "CloudWatch publish failed: Unable to locate credentials", "timestamp": "2026-05-24T03:33:28.%fZ", "level": "ERROR", "logger": "cloudwatch"}
{"message": "CloudWatch publish failed: Unable to locate credentials", "timestamp": "2026-05-24T03:34:00.%fZ", "level": "ERROR", "logger": "cloudwatch"}
{"message": "CloudWatch publish failed: Unable to locate credentials", "timestamp": "2026-05-24T03:34:32.%fZ", "level": "ERROR", "logger": "cloudwatch"}
{"message": "CloudWatch publish failed: Unable to locate credentials", "timestamp": "2026-05-24T03:35:04.%fZ", "level": "ERROR", "logger": "cloudwatch"}
{"message": "CloudWatch publish failed: Unable to locate credentials", "timestamp": "2026-05-24T03:35:36.%fZ", "level": "ERROR", "logger": "cloudwatch"}
{"message": "CloudWatch publish failed: Unable to locate credentials", "timestamp": "2026-05-24T03:36:08.%fZ", "level": "ERROR", "logger": "cloudwatch"}
{"message": "CloudWatch publish failed: Unable to locate credentials", "timestamp": "2026-05-24T03:36:41.%fZ", "level": "ERROR", "logger": "cloudwatch"}
{"message": "CloudWatch publish failed: Unable to locate credentials", "timestamp": "2026-05-24T03:37:13.%fZ", "level": "ERROR", "logger": "cloudwatch"}
{"message": "CloudWatch publish failed: Unable to locate credentials", "timestamp": "2026-05-24T03:37:45.%fZ", "level": "ERROR", "logger": "cloudwatch"}
{"message": "CloudWatch publish failed: Unable to locate credentials", "timestamp": "2026-05-24T03:38:17.%fZ", "level": "ERROR", "logger": "cloudwatch"}
{"message": "CloudWatch publish failed: Unable to locate credentials", "timestamp": "2026-05-24T03:38:49.%fZ", "level": "ERROR", "logger": "cloudwatch"}
{"message": "CloudWatch publish failed: Unable to locate credentials", "timestamp": "2026-05-24T03:39:21.%fZ", "level": "ERROR", "logger": "cloudwatch"}
{"message": "CloudWatch publish failed: Unable to locate credentials", "timestamp": "2026-05-24T03:39:53.%fZ", "level": "ERROR", "logger": "cloudwatch"}
{"message": "CloudWatch publish failed: Unable to locate credentials", "timestamp": "2026-05-24T03:40:25.%fZ", "level": "ERROR", "logger": "cloudwatch"}
{"message": "CloudWatch publish failed: Unable to locate credentials", "timestamp": "2026-05-24T03:40:57.%fZ", "level": "ERROR", "logger": "cloudwatch"}
{"message": "CloudWatch publish failed: Unable to locate credentials", "timestamp": "2026-05-24T03:41:29.%fZ", "level": "ERROR", "logger": "cloudwatch"}
{"message": "CloudWatch publish failed: Unable to locate credentials", "timestamp": "2026-05-24T03:42:01.%fZ", "level": "ERROR", "logger": "cloudwatch"}
{"message": "CloudWatch publish failed: Unable to locate credentials", "timestamp": "2026-05-24T03:42:33.%fZ", "level": "ERROR", "logger": "cloudwatch"}
{"message": "CloudWatch publish failed: Unable to locate credentials", "timestamp": "2026-05-24T03:43:05.%fZ", "level": "ERROR", "logger": "cloudwatch"}
{"message": "CloudWatch publish failed: Unable to locate credentials", "timestamp": "2026-05-24T03:43:37.%fZ", "level": "ERROR", "logger": "cloudwatch"}
{"message": "CloudWatch publish failed: Unable to locate credentials", "timestamp": "2026-05-24T03:44:09.%fZ", "level": "ERROR", "logger": "cloudwatch"}
{"message": "CloudWatch publish failed: Unable to locate credentials", "timestamp": "2026-05-24T03:44:41.%fZ", "level": "ERROR", "logger": "cloudwatch"}
{"message": "CloudWatch publish failed: Unable to locate credentials", "timestamp": "2026-05-24T03:45:13.%fZ", "level": "ERROR", "logger": "cloudwatch"}
{"message": "CloudWatch publish failed: Unable to locate credentials", "timestamp": "2026-05-24T03:45:45.%fZ", "level": "ERROR", "logger": "cloudwatch"}
{"message": "CloudWatch publish failed: Unable to locate credentials", "timestamp": "2026-05-24T03:46:17.%fZ", "level": "ERROR", "logger": "cloudwatch"}
{"message": "CloudWatch publish failed: Unable to locate credentials", "timestamp": "2026-05-24T03:46:49.%fZ", "level": "ERROR", "logger": "cloudwatch"}
{"message": "CloudWatch publish failed: Unable to locate credentials", "timestamp": "2026-05-24T03:47:21.%fZ", "level": "ERROR", "logger": "cloudwatch"}
{"message": "CloudWatch publish failed: Unable to locate credentials", "timestamp": "2026-05-24T03:47:53.%fZ", "level": "ERROR", "logger": "cloudwatch"}
{"message": "CloudWatch publish failed: Unable to locate credentials", "timestamp": "2026-05-24T03:48:25.%fZ", "level": "ERROR", "logger": "cloudwatch"}
{"message": "CloudWatch publish failed: Unable to locate credentials", "timestamp": "2026-05-24T03:48:57.%fZ", "level": "ERROR", "logger": "cloudwatch"}
{"message": "CloudWatch publish failed: Unable to locate credentials", "timestamp": "2026-05-24T03:49:29.%fZ", "level": "ERROR", "logger": "cloudwatch"}
{"message": "CloudWatch publish failed: Unable to locate credentials", "timestamp": "2026-05-24T03:50:01.%fZ", "level": "ERROR", "logger": "cloudwatch"}
{"message": "CloudWatch publish failed: Unable to locate credentials", "timestamp": "2026-05-24T03:50:33.%fZ", "level": "ERROR", "logger": "cloudwatch"}
{"message": "CloudWatch publish failed: Unable to locate credentials", "timestamp": "2026-05-24T03:51:05.%fZ", "level": "ERROR", "logger": "cloudwatch"}
{"message": "CloudWatch publish failed: Unable to locate credentials", "timestamp": "2026-05-24T03:51:37.%fZ", "level": "ERROR", "logger": "cloudwatch"}
{"message": "CloudWatch publish failed: Unable to locate credentials", "timestamp": "2026-05-24T03:52:09.%fZ", "level": "ERROR", "logger": "cloudwatch"}
{"message": "CloudWatch publish failed: Unable to locate credentials", "timestamp": "2026-05-24T03:52:41.%fZ", "level": "ERROR", "logger": "cloudwatch"}
{"message": "CloudWatch publish failed: Unable to locate credentials", "timestamp": "2026-05-24T03:53:13.%fZ", "level": "ERROR", "logger": "cloudwatch"}
{"message": "CloudWatch publish failed: Unable to locate credentials", "timestamp": "2026-05-24T03:53:45.%fZ", "level": "ERROR", "logger": "cloudwatch"}
{"message": "CloudWatch publish failed: Unable to locate credentials", "timestamp": "2026-05-24T03:54:17.%fZ", "level": "ERROR", "logger": "cloudwatch"}
{"message": "CloudWatch publish failed: Unable to locate credentials", "timestamp": "2026-05-24T03:54:49.%fZ", "level": "ERROR", "logger": "cloudwatch"}
{"message": "CloudWatch publish failed: Unable to locate credentials", "timestamp": "2026-05-24T03:55:21.%fZ", "level": "ERROR", "logger": "cloudwatch"}
{"message": "CloudWatch publish failed: Unable to locate credentials", "timestamp": "2026-05-24T03:55:53.%fZ", "level": "ERROR", "logger": "cloudwatch"}
{"message": "CloudWatch publish failed: Unable to locate credentials", "timestamp": "2026-05-24T03:56:25.%fZ", "level": "ERROR", "logger": "cloudwatch"}
{"message": "CloudWatch publish failed: Unable to locate credentials", "timestamp": "2026-05-24T03:56:57.%fZ", "level": "ERROR", "logger": "cloudwatch"}
{"message": "CloudWatch publish failed: Unable to locate credentials", "timestamp": "2026-05-24T03:57:29.%fZ", "level": "ERROR", "logger": "cloudwatch"}
{"message": "CloudWatch publish failed: Unable to locate credentials", "timestamp": "2026-05-24T03:58:01.%fZ", "level": "ERROR", "logger": "cloudwatch"}
{"message": "CloudWatch publish failed: Unable to locate credentials", "timestamp": "2026-05-24T03:58:33.%fZ", "level": "ERROR", "logger": "cloudwatch"}
{"message": "CloudWatch publish failed: Unable to locate credentials", "timestamp": "2026-05-24T03:59:05.%fZ", "level": "ERROR", "logger": "cloudwatch"}
{"message": "CloudWatch publish failed: Unable to locate credentials", "timestamp": "2026-05-24T03:59:38.%fZ", "level": "ERROR", "logger": "cloudwatch"}
{"message": "CloudWatch publish failed: Unable to locate credentials", "timestamp": "2026-05-24T04:00:10.%fZ", "level": "ERROR", "logger": "cloudwatch"}
{"message": "CloudWatch publish failed: Unable to locate credentials", "timestamp": "2026-05-24T04:00:42.%fZ", "level": "ERROR", "logger": "cloudwatch"}
{"message": "CloudWatch publish failed: Unable to locate credentials", "timestamp": "2026-05-24T04:01:14.%fZ", "level": "ERROR", "logger": "cloudwatch"}
{"message": "CloudWatch publish failed: Unable to locate credentials", "timestamp": "2026-05-24T04:01:46.%fZ", "level": "ERROR", "logger": "cloudwatch"}
{"message": "CloudWatch publish failed: Unable to locate credentials", "timestamp": "2026-05-24T04:02:18.%fZ", "level": "ERROR", "logger": "cloudwatch"}
{"message": "CloudWatch publish failed: Unable to locate credentials", "timestamp": "2026-05-24T04:02:50.%fZ", "level": "ERROR", "logger": "cloudwatch"}
{"message": "CloudWatch publish failed: Unable to locate credentials", "timestamp": "2026-05-24T04:03:22.%fZ", "level": "ERROR", "logger": "cloudwatch"}
{"message": "CloudWatch publish failed: Unable to locate credentials", "timestamp": "2026-05-24T04:03:54.%fZ", "level": "ERROR", "logger": "cloudwatch"}
{"message": "CloudWatch publish failed: Unable to locate credentials", "timestamp": "2026-05-24T04:04:26.%fZ", "level": "ERROR", "logger": "cloudwatch"}
{"message": "CloudWatch publish failed: Unable to locate credentials", "timestamp": "2026-05-24T04:04:58.%fZ", "level": "ERROR", "logger": "cloudwatch"}
{"message": "CloudWatch publish failed: Unable to locate credentials", "timestamp": "2026-05-24T04:05:30.%fZ", "level": "ERROR", "logger": "cloudwatch"}
{"message": "CloudWatch publish failed: Unable to locate credentials", "timestamp": "2026-05-24T04:06:02.%fZ", "level": "ERROR", "logger": "cloudwatch"}
{"message": "CloudWatch publish failed: Unable to locate credentials", "timestamp": "2026-05-24T04:06:34.%fZ", "level": "ERROR", "logger": "cloudwatch"}
{"message": "CloudWatch publish failed: Unable to locate credentials", "timestamp": "2026-05-24T04:07:06.%fZ", "level": "ERROR", "logger": "cloudwatch"}
{"message": "CloudWatch publish failed: Unable to locate credentials", "timestamp": "2026-05-24T04:07:38.%fZ", "level": "ERROR", "logger": "cloudwatch"}
{"message": "CloudWatch publish failed: Unable to locate credentials", "timestamp": "2026-05-24T04:08:10.%fZ", "level": "ERROR", "logger": "cloudwatch"}
{"message": "CloudWatch publish failed: Unable to locate credentials", "timestamp": "2026-05-24T04:08:42.%fZ", "level": "ERROR", "logger": "cloudwatch"}
{"message": "CloudWatch publish failed: Unable to locate credentials", "timestamp": "2026-05-24T04:09:14.%fZ", "level": "ERROR", "logger": "cloudwatch"}
{"message": "CloudWatch publish failed: Unable to locate credentials", "timestamp": "2026-05-24T04:09:46.%fZ", "level": "ERROR", "logger": "cloudwatch"}
{"message": "CloudWatch publish failed: Unable to locate credentials", "timestamp": "2026-05-24T04:10:18.%fZ", "level": "ERROR", "logger": "cloudwatch"}
{"message": "CloudWatch publish failed: Unable to locate credentials", "timestamp": "2026-05-24T04:10:50.%fZ", "level": "ERROR", "logger": "cloudwatch"}
{"message": "CloudWatch publish failed: Unable to locate credentials", "timestamp": "2026-05-24T04:11:22.%fZ", "level": "ERROR", "logger": "cloudwatch"}
{"message": "CloudWatch publish failed: Unable to locate credentials", "timestamp": "2026-05-24T04:11:54.%fZ", "level": "ERROR", "logger": "cloudwatch"}
{"message": "CloudWatch publish failed: Unable to locate credentials", "timestamp": "2026-05-24T04:12:26.%fZ", "level": "ERROR", "logger": "cloudwatch"}
{"message": "CloudWatch publish failed: Unable to locate credentials", "timestamp": "2026-05-24T04:12:58.%fZ", "level": "ERROR", "logger": "cloudwatch"}
{"message": "CloudWatch publish failed: Unable to locate credentials", "timestamp": "2026-05-24T04:13:30.%fZ", "level": "ERROR", "logger": "cloudwatch"}
{"message": "CloudWatch publish failed: Unable to locate credentials", "timestamp": "2026-05-24T04:14:02.%fZ", "level": "ERROR", "logger": "cloudwatch"}
{"message": "CloudWatch publish failed: Unable to locate credentials", "timestamp": "2026-05-24T04:14:34.%fZ", "level": "ERROR", "logger": "cloudwatch"}
{"message": "CloudWatch publish failed: Unable to locate credentials", "timestamp": "2026-05-24T04:15:06.%fZ", "level": "ERROR", "logger": "cloudwatch"}
{"message": "CloudWatch publish failed: Unable to locate credentials", "timestamp": "2026-05-24T04:15:38.%fZ", "level": "ERROR", "logger": "cloudwatch"}
{"message": "CloudWatch publish failed: Unable to locate credentials", "timestamp": "2026-05-24T04:16:10.%fZ", "level": "ERROR", "logger": "cloudwatch"}
{"message": "CloudWatch publish failed: Unable to locate credentials", "timestamp": "2026-05-24T04:16:42.%fZ", "level": "ERROR", "logger": "cloudwatch"}
{"message": "CloudWatch publish failed: Unable to locate credentials", "timestamp": "2026-05-24T04:17:14.%fZ", "level": "ERROR", "logger": "cloudwatch"}
{"message": "CloudWatch publish failed: Unable to locate credentials", "timestamp": "2026-05-24T04:17:46.%fZ", "level": "ERROR", "logger": "cloudwatch"}
{"message": "CloudWatch publish failed: Unable to locate credentials", "timestamp": "2026-05-24T04:18:18.%fZ", "level": "ERROR", "logger": "cloudwatch"}
{"message": "CloudWatch publish failed: Unable to locate credentials", "timestamp": "2026-05-24T04:18:50.%fZ", "level": "ERROR", "logger": "cloudwatch"}
{"message": "CloudWatch publish failed: Unable to locate credentials", "timestamp": "2026-05-24T04:19:22.%fZ", "level": "ERROR", "logger": "cloudwatch"}
{"message": "CloudWatch publish failed: Unable to locate credentials", "timestamp": "2026-05-24T04:19:54.%fZ", "level": "ERROR", "logger": "cloudwatch"}
{"message": "CloudWatch publish failed: Unable to locate credentials", "timestamp": "2026-05-24T04:20:26.%fZ", "level": "ERROR", "logger": "cloudwatch"}
{"message": "CloudWatch publish failed: Unable to locate credentials", "timestamp": "2026-05-24T04:20:58.%fZ", "level": "ERROR", "logger": "cloudwatch"}
{"message": "CloudWatch publish failed: Unable to locate credentials", "timestamp": "2026-05-24T04:21:31.%fZ", "level": "ERROR", "logger": "cloudwatch"}
{"message": "CloudWatch publish failed: Unable to locate credentials", "timestamp": "2026-05-24T04:22:03.%fZ", "level": "ERROR", "logger": "cloudwatch"}
{"message": "CloudWatch publish failed: Unable to locate credentials", "timestamp": "2026-05-24T04:22:35.%fZ", "level": "ERROR", "logger": "cloudwatch"}
{"message": "CloudWatch publish failed: Unable to locate credentials", "timestamp": "2026-05-24T04:23:07.%fZ", "level": "ERROR", "logger": "cloudwatch"}
{"message": "CloudWatch publish failed: Unable to locate credentials", "timestamp": "2026-05-24T04:23:39.%fZ", "level": "ERROR", "logger": "cloudwatch"}
{"message": "CloudWatch publish failed: Unable to locate credentials", "timestamp": "2026-05-24T04:24:11.%fZ", "level": "ERROR", "logger": "cloudwatch"}
{"message": "CloudWatch publish failed: Unable to locate credentials", "timestamp": "2026-05-24T04:24:43.%fZ", "level": "ERROR", "logger": "cloudwatch"}
{"message": "CloudWatch publish failed: Unable to locate credentials", "timestamp": "2026-05-24T04:25:15.%fZ", "level": "ERROR", "logger": "cloudwatch"}
{"message": "CloudWatch publish failed: Unable to locate credentials", "timestamp": "2026-05-24T04:25:47.%fZ", "level": "ERROR", "logger": "cloudwatch"}
{"message": "CloudWatch publish failed: Unable to locate credentials", "timestamp": "2026-05-24T04:26:19.%fZ", "level": "ERROR", "logger": "cloudwatch"}
{"message": "CloudWatch publish failed: Unable to locate credentials", "timestamp": "2026-05-24T04:26:51.%fZ", "level": "ERROR", "logger": "cloudwatch"}
{"message": "CloudWatch publish failed: Unable to locate credentials", "timestamp": "2026-05-24T04:27:23.%fZ", "level": "ERROR", "logger": "cloudwatch"}
{"message": "CloudWatch publish failed: Unable to locate credentials", "timestamp": "2026-05-24T04:27:55.%fZ", "level": "ERROR", "logger": "cloudwatch"}
{"message": "CloudWatch publish failed: Unable to locate credentials", "timestamp": "2026-05-24T04:28:27.%fZ", "level": "ERROR", "logger": "cloudwatch"}
{"message": "CloudWatch publish failed: Unable to locate credentials", "timestamp": "2026-05-24T04:28:59.%fZ", "level": "ERROR", "logger": "cloudwatch"}
{"message": "CloudWatch publish failed: Unable to locate credentials", "timestamp": "2026-05-24T04:29:31.%fZ", "level": "ERROR", "logger": "cloudwatch"}
{"message": "CloudWatch publish failed: Unable to locate credentials", "timestamp": "2026-05-24T04:30:03.%fZ", "level": "ERROR", "logger": "cloudwatch"}
{"message": "CloudWatch publish failed: Unable to locate credentials", "timestamp": "2026-05-24T04:30:35.%fZ", "level": "ERROR", "logger": "cloudwatch"}
{"message": "CloudWatch publish failed: Unable to locate credentials", "timestamp": "2026-05-24T04:31:07.%fZ", "level": "ERROR", "logger": "cloudwatch"}
{"message": "CloudWatch publish failed: Unable to locate credentials", "timestamp": "2026-05-24T04:31:39.%fZ", "level": "ERROR", "logger": "cloudwatch"}
{"message": "CloudWatch publish failed: Unable to locate credentials", "timestamp": "2026-05-24T04:32:11.%fZ", "level": "ERROR", "logger": "cloudwatch"}
{"message": "CloudWatch publish failed: Unable to locate credentials", "timestamp": "2026-05-24T04:32:43.%fZ", "level": "ERROR", "logger": "cloudwatch"}
{"message": "CloudWatch publish failed: Unable to locate credentials", "timestamp": "2026-05-24T04:33:15.%fZ", "level": "ERROR", "logger": "cloudwatch"}
{"message": "CloudWatch publish failed: Unable to locate credentials", "timestamp": "2026-05-24T04:33:47.%fZ", "level": "ERROR", "logger": "cloudwatch"}
{"message": "CloudWatch publish failed: Unable to locate credentials", "timestamp": "2026-05-24T04:34:19.%fZ", "level": "ERROR", "logger": "cloudwatch"}
{"message": "CloudWatch publish failed: Unable to locate credentials", "timestamp": "2026-05-24T04:34:51.%fZ", "level": "ERROR", "logger": "cloudwatch"}
{"message": "CloudWatch publish failed: Unable to locate credentials", "timestamp": "2026-05-24T04:35:23.%fZ", "level": "ERROR", "logger": "cloudwatch"}
{"message": "CloudWatch publish failed: Unable to locate credentials", "timestamp": "2026-05-24T04:35:55.%fZ", "level": "ERROR", "logger": "cloudwatch"}
{"message": "CloudWatch publish failed: Unable to locate credentials", "timestamp": "2026-05-24T04:36:27.%fZ", "level": "ERROR", "logger": "cloudwatch"}
{"message": "CloudWatch publish failed: Unable to locate credentials", "timestamp": "2026-05-24T04:36:59.%fZ", "level": "ERROR", "logger": "cloudwatch"}
{"message": "CloudWatch publish failed: Unable to locate credentials", "timestamp": "2026-05-24T04:37:31.%fZ", "level": "ERROR", "logger": "cloudwatch"}
{"message": "CloudWatch publish failed: Unable to locate credentials", "timestamp": "2026-05-24T04:38:03.%fZ", "level": "ERROR", "logger": "cloudwatch"}
{"message": "CloudWatch publish failed: Unable to locate credentials", "timestamp": "2026-05-24T04:38:35.%fZ", "level": "ERROR", "logger": "cloudwatch"}
{"message": "CloudWatch publish failed: Unable to locate credentials", "timestamp": "2026-05-24T04:39:07.%fZ", "level": "ERROR", "logger": "cloudwatch"}
{"message": "CloudWatch publish failed: Unable to locate credentials", "timestamp": "2026-05-24T04:39:39.%fZ", "level": "ERROR", "logger": "cloudwatch"}
{"message": "CloudWatch publish failed: Unable to locate credentials", "timestamp": "2026-05-24T04:40:11.%fZ", "level": "ERROR", "logger": "cloudwatch"}
{"message": "CloudWatch publish failed: Unable to locate credentials", "timestamp": "2026-05-24T04:40:43.%fZ", "level": "ERROR", "logger": "cloudwatch"}
{"message": "CloudWatch publish failed: Unable to locate credentials", "timestamp": "2026-05-24T04:41:15.%fZ", "level": "ERROR", "logger": "cloudwatch"}
{"message": "CloudWatch publish failed: Unable to locate credentials", "timestamp": "2026-05-24T04:41:47.%fZ", "level": "ERROR", "logger": "cloudwatch"}
{"message": "CloudWatch publish failed: Unable to locate credentials", "timestamp": "2026-05-24T04:42:19.%fZ", "level": "ERROR", "logger": "cloudwatch"}
{"message": "CloudWatch publish failed: Unable to locate credentials", "timestamp": "2026-05-24T04:42:51.%fZ", "level": "ERROR", "logger": "cloudwatch"}
{"message": "CloudWatch publish failed: Unable to locate credentials", "timestamp": "2026-05-24T04:43:23.%fZ", "level": "ERROR", "logger": "cloudwatch"}
{"message": "CloudWatch publish failed: Unable to locate credentials", "timestamp": "2026-05-24T04:43:56.%fZ", "level": "ERROR", "logger": "cloudwatch"}
{"message": "CloudWatch publish failed: Unable to locate credentials", "timestamp": "2026-05-24T04:44:28.%fZ", "level": "ERROR", "logger": "cloudwatch"}
{"message": "CloudWatch publish failed: Unable to locate credentials", "timestamp": "2026-05-24T04:45:00.%fZ", "level": "ERROR", "logger": "cloudwatch"}
{"message": "CloudWatch publish failed: Unable to locate credentials", "timestamp": "2026-05-24T04:45:32.%fZ", "level": "ERROR", "logger": "cloudwatch"}
{"message": "CloudWatch publish failed: Unable to locate credentials", "timestamp": "2026-05-24T04:46:04.%fZ", "level": "ERROR", "logger": "cloudwatch"}
{"message": "CloudWatch publish failed: Unable to locate credentials", "timestamp": "2026-05-24T04:46:36.%fZ", "level": "ERROR", "logger": "cloudwatch"}
{"message": "CloudWatch publish failed: Unable to locate credentials", "timestamp": "2026-05-24T04:47:08.%fZ", "level": "ERROR", "logger": "cloudwatch"}
{"message": "CloudWatch publish failed: Unable to locate credentials", "timestamp": "2026-05-24T04:47:40.%fZ", "level": "ERROR", "logger": "cloudwatch"}
{"message": "CloudWatch publish failed: Unable to locate credentials", "timestamp": "2026-05-24T04:48:12.%fZ", "level": "ERROR", "logger": "cloudwatch"}
{"message": "CloudWatch publish failed: Unable to locate credentials", "timestamp": "2026-05-24T04:48:44.%fZ", "level": "ERROR", "logger": "cloudwatch"}
{"message": "CloudWatch publish failed: Unable to locate credentials", "timestamp": "2026-05-24T04:49:16.%fZ", "level": "ERROR", "logger": "cloudwatch"}
{"message": "CloudWatch publish failed: Unable to locate credentials", "timestamp": "2026-05-24T04:49:48.%fZ", "level": "ERROR", "logger": "cloudwatch"}
{"message": "CloudWatch publish failed: Unable to locate credentials", "timestamp": "2026-05-24T04:50:20.%fZ", "level": "ERROR", "logger": "cloudwatch"}
{"message": "CloudWatch publish failed: Unable to locate credentials", "timestamp": "2026-05-24T04:50:52.%fZ", "level": "ERROR", "logger": "cloudwatch"}
{"message": "CloudWatch publish failed: Unable to locate credentials", "timestamp": "2026-05-24T04:51:24.%fZ", "level": "ERROR", "logger": "cloudwatch"}
{"message": "CloudWatch publish failed: Unable to locate credentials", "timestamp": "2026-05-24T04:51:56.%fZ", "level": "ERROR", "logger": "cloudwatch"}
{"message": "CloudWatch publish failed: Unable to locate credentials", "timestamp": "2026-05-24T04:52:28.%fZ", "level": "ERROR", "logger": "cloudwatch"}
{"message": "CloudWatch publish failed: Unable to locate credentials", "timestamp": "2026-05-24T04:53:00.%fZ", "level": "ERROR", "logger": "cloudwatch"}
{"message": "CloudWatch publish failed: Unable to locate credentials", "timestamp": "2026-05-24T04:53:32.%fZ", "level": "ERROR", "logger": "cloudwatch"}
{"message": "CloudWatch publish failed: Unable to locate credentials", "timestamp": "2026-05-24T04:54:04.%fZ", "level": "ERROR", "logger": "cloudwatch"}
{"message": "CloudWatch publish failed: Unable to locate credentials", "timestamp": "2026-05-24T04:54:36.%fZ", "level": "ERROR", "logger": "cloudwatch"}
{"message": "CloudWatch publish failed: Unable to locate credentials", "timestamp": "2026-05-24T04:55:08.%fZ", "level": "ERROR", "logger": "cloudwatch"}
{"message": "CloudWatch publish failed: Unable to locate credentials", "timestamp": "2026-05-24T04:55:40.%fZ", "level": "ERROR", "logger": "cloudwatch"}
{"message": "CloudWatch publish failed: Unable to locate credentials", "timestamp": "2026-05-24T04:56:12.%fZ", "level": "ERROR", "logger": "cloudwatch"}
{"message": "CloudWatch publish failed: Unable to locate credentials", "timestamp": "2026-05-24T04:56:44.%fZ", "level": "ERROR", "logger": "cloudwatch"}
{"message": "Unexpected error in metric publisher: the database system is shutting down", "timestamp": "2026-05-24T04:57:14.%fZ", "level": "ERROR", "logger": "cloudwatch"}
INFO:     Shutting down
INFO:     Waiting for application shutdown.
{"message": "CloudWatch metric publisher stopped.", "timestamp": "2026-05-24T04:57:34.%fZ", "level": "INFO", "logger": "cloudwatch"}
INFO:     Application shutdown complete.
INFO:     Finished server process [775278]
INFO:     Stopping reloader process [775273]
